2026-03-22 23:48:14 | INFO     | StockPipeline                  | Pipeline starting for symbol=RELIANCE.NS
2026-03-22 23:55:01 | INFO     | StockPipeline                  | Pipeline shut down
2026-03-29 14:29:39 | INFO     | StockPipeline                  | Pipeline starting for symbol=RELIANCE.NS
2026-03-29 14:29:39 | ERROR    | StockPipeline                  | Pipeline failed: cannot pickle '_thread.lock' object
Traceback (most recent call last):
  File "E:\Quant_Finance\15th_Feb_2026\pipeline.py", line 46, in start
    plot_process.start()
    ~~~~~~~~~~~~~~~~~~^^
  File "C:\Users\KAUSTUBH SAPRU\AppData\Local\Programs\Python\Python314\Lib\multiprocessing\process.py", line 121, in start
    self._popen = self._Popen(self)
                  ~~~~~~~~~~~^^^^^^
  File "C:\Users\KAUSTUBH SAPRU\AppData\Local\Programs\Python\Python314\Lib\multiprocessing\context.py", line 224, in _Popen
    return _default_context.get_context().Process._Popen(process_obj)
           ~~~~~~~~~~~~~~~~~~~~~~~~~~~~~~~~~~~~~~~~~~~~~^^^^^^^^^^^^^
  File "C:\Users\KAUSTUBH SAPRU\AppData\Local\Programs\Python\Python314\Lib\multiprocessing\context.py", line 337, in _Popen
    return Popen(process_obj)
  File "C:\Users\KAUSTUBH SAPRU\AppData\Local\Programs\Python\Python314\Lib\multiprocessing\popen_spawn_win32.py", line 97, in __init__
    reduction.dump(process_obj, to_child)
    ~~~~~~~~~~~~~~^^^^^^^^^^^^^^^^^^^^^^^
  File "C:\Users\KAUSTUBH SAPRU\AppData\Local\Programs\Python\Python314\Lib\multiprocessing\reduction.py", line 60, in dump
    ForkingPickler(file, protocol).dump(obj)
    ~~~~~~~~~~~~~~~~~~~~~~~~~~~~~~~~~~~^^^^^
TypeError: cannot pickle '_thread.lock' object
when serializing dict item '_lock'
when serializing plot_engine.queue_consumer.QueueConsumer state
when serializing plot_engine.queue_consumer.QueueConsumer object
when serializing dict item '_consumer'
when serializing plot_engine.plot_engine.PlotEngine state
when serializing plot_engine.plot_engine.PlotEngine object
when serializing tuple item 0
when serializing method reconstructor arguments
when serializing method object
when serializing dict item '_target'
when serializing multiprocessing.context.Process state
when serializing multiprocessing.context.Process object
2026-03-29 14:29:39 | INFO     | StockPipeline                  | Pipeline shut down
2026-03-29 14:31:15 | INFO     | StockPipeline                  | Pipeline starting for symbol=RELIANCE.NS
2026-03-29 14:31:15 | INFO     | StockPipeline                  | PlotEngine process started on http://localhost:8050
2026-03-29 14:31:17 | INFO     | PlotEngine                     | PlotEngine starting on http://localhost:8050
2026-03-29 14:31:17 | INFO     | QueueConsumer                  | QueueConsumer polling thread started
2026-03-29 14:32:02 | DEBUG    | QueueConsumer                  | Full day data received — 375 ticks
2026-03-29 14:33:01 | DEBUG    | QueueConsumer                  | Full day data received — 375 ticks
2026-03-29 14:34:01 | DEBUG    | QueueConsumer                  | Full day data received — 375 ticks
2026-03-29 14:35:01 | DEBUG    | QueueConsumer                  | Full day data received — 375 ticks
2026-03-29 14:36:01 | DEBUG    | QueueConsumer                  | Full day data received — 375 ticks
2026-03-29 14:37:01 | DEBUG    | QueueConsumer                  | Full day data received — 375 ticks
2026-03-29 14:38:01 | INFO     | StockPipeline                  | Pipeline shut down
2026-03-29 18:24:20 | INFO     | StockPipeline                  | Pipeline starting for symbol=RELIANCE.NS
2026-03-29 18:24:20 | INFO     | StockPipeline                  | PlotEngine process started on http://localhost:8050
2026-03-29 18:24:22 | INFO     | QueueConsumer                  | QueueConsumer polling thread started
2026-03-29 18:25:03 | DEBUG    | QueueConsumer                  | Full day data received — 375 ticks
2026-03-29 18:26:01 | DEBUG    | QueueConsumer                  | Full day data received — 375 ticks
2026-03-29 18:27:01 | DEBUG    | QueueConsumer                  | Full day data received — 375 ticks
2026-03-29 18:28:01 | DEBUG    | QueueConsumer                  | Full day data received — 375 ticks
2026-03-29 18:29:01 | DEBUG    | QueueConsumer                  | Full day data received — 375 ticks
2026-03-29 18:30:01 | DEBUG    | QueueConsumer                  | Full day data received — 375 ticks
2026-03-29 18:31:01 | INFO     | StockPipeline                  | Pipeline shut down
2026-03-29 19:00:29 | INFO     | StockPipeline                  | Pipeline starting for symbol=RELIANCE.NS
2026-03-29 19:00:29 | INFO     | StockPipeline                  | PlotEngine process started on http://localhost:8050
2026-03-29 19:00:31 | INFO     | QueueConsumer                  | QueueConsumer polling thread started
2026-03-29 19:00:49 | INFO     | StockPipeline                  | Pipeline stopped by user
2026-03-29 19:00:49 | INFO     | StockPipeline                  | Pipeline shut down
2026-03-29 19:02:18 | INFO     | StockPipeline                  | Pipeline starting for symbol=RELIANCE.NS
2026-03-29 19:02:18 | INFO     | StockPipeline                  | PlotEngine process started on http://localhost:8050
2026-03-29 19:02:20 | INFO     | QueueConsumer                  | QueueConsumer polling thread started
2026-03-29 19:03:03 | DEBUG    | QueueConsumer                  | Full day data received — 375 ticks
2026-03-29 19:04:01 | DEBUG    | QueueConsumer                  | Full day data received — 375 ticks
2026-03-29 19:05:01 | DEBUG    | QueueConsumer                  | Full day data received — 375 ticks
2026-03-29 19:06:01 | DEBUG    | QueueConsumer                  | Full day data received — 375 ticks
2026-03-29 19:07:01 | DEBUG    | QueueConsumer                  | Full day data received — 375 ticks
2026-03-29 19:08:01 | DEBUG    | QueueConsumer                  | Full day data received — 375 ticks
2026-03-29 19:09:01 | INFO     | StockPipeline                  | Pipeline shut down
2026-03-29 19:18:23 | INFO     | StockPipeline                  | Pipeline starting for symbol=RELIANCE.NS
2026-03-29 19:18:23 | INFO     | StockPipeline                  | PlotEngine process started on http://localhost:8050
2026-03-29 19:18:25 | INFO     | QueueConsumer                  | QueueConsumer polling thread started
2026-03-29 19:18:38 | INFO     | StockPipeline                  | Pipeline stopped by user
2026-03-29 19:18:38 | INFO     | StockPipeline                  | Pipeline shut down
2026-03-29 19:36:40 | INFO     | StockPipeline                  | Pipeline starting for symbol=RELIANCE.NS
2026-03-29 19:36:40 | INFO     | StockPipeline                  | PlotEngine process started on http://localhost:8050
2026-03-29 19:43:01 | INFO     | StockPipeline                  | Pipeline shut down
2026-04-04 21:16:14 | INFO     | StockPipeline                  | Pipeline starting for symbol=RELIANCE.NS
2026-04-04 21:16:14 | INFO     | StockPipeline                  | PlotEngine process started on http://localhost:8050
2026-04-04 21:17:39 | INFO     | StockPipeline                  | Pipeline stopped by user
2026-04-04 21:17:39 | INFO     | StockPipeline                  | Pipeline shut down
